    Updating crates.io index
 Downloading crates ...
  Downloaded cargo-llvm-cov v0.9.0
  Installing cargo-llvm-cov v0.9.0
warning: default toolchain implicitly overridden with `1.98.0-x86_64-unknown-linux-gnu` by environment variable
  |
  = help: use `cargo +stable install` if you meant to use the stable toolchain
  = note: rustup selects the toolchain based on the parent environment and not the environment of the package being installed
    Updating crates.io index
    Updating crates.io index
 Downloading crates ...
  Downloaded lcov2cobertura v1.0.9
  Downloaded camino v1.2.5
  Downloaded ruzstd v0.9.0
  Downloaded shell-escape v0.1.5
  Downloaded xattr v1.6.1
  Downloaded cargo-config2 v0.1.45
  Downloaded opener v0.8.5
  Downloaded lexopt v0.3.2
  Downloaded glob v0.3.4
  Downloaded shared_thread v0.2.0
  Downloaded tar v0.4.46
  Downloaded os_pipe v1.2.3
  Downloaded bstr v1.13.1
  Downloaded duct v1.1.1
  Downloaded rustc-demangle v0.1.28
  Downloaded shared_child v1.1.1
  Downloaded quick-xml v0.39.4
  Downloaded fs-err v3.3.1
   Compiling memchr v2.8.3
   Compiling serde_core v1.0.229
   Compiling libc v0.2.189
   Compiling proc-macro2 v1.0.107
   Compiling unicode-ident v1.0.24
   Compiling regex-syntax v0.8.11
   Compiling quote v1.0.47
   Compiling rustix v1.1.4
   Compiling winnow v1.0.4
   Compiling linux-raw-sys v0.12.1
   Compiling autocfg v1.5.1
   Compiling zmij v1.0.23
   Compiling serde v1.0.229
   Compiling anyhow v1.0.104
   Compiling bitflags v2.13.1
   Compiling cfg-if v1.0.4
   Compiling serde_json v1.0.151
   Compiling camino v1.2.5
   Compiling rustc-demangle v0.1.28
   Compiling itoa v1.0.18
   Compiling shared_thread v0.2.0
   Compiling same-file v1.0.6
   Compiling glob v0.3.4
   Compiling ruzstd v0.9.0
   Compiling walkdir v2.5.0
   Compiling shell-escape v0.1.5
   Compiling termcolor v1.4.1
   Compiling lexopt v0.3.2
   Compiling toml_parser v1.1.3+spec-1.1.0
   Compiling aho-corasick v1.1.5
   Compiling quick-xml v0.39.4
   Compiling fs-err v3.3.1
   Compiling regex-automata v0.4.18
   Compiling syn v3.0.3
   Compiling os_pipe v1.2.3
   Compiling filetime v0.2.29
   Compiling shared_child v1.1.1
   Compiling duct v1.1.1
   Compiling xattr v1.6.1
   Compiling tar v0.4.46
   Compiling serde_spanned v1.1.1
   Compiling toml_datetime v1.1.1+spec-1.1.0
   Compiling toml v1.1.4+spec-1.1.0
   Compiling serde_derive v1.0.229
   Compiling bstr v1.13.1
   Compiling regex v1.13.1
   Compiling lcov2cobertura v1.0.9
   Compiling opener v0.8.5
   Compiling cargo-config2 v0.1.45
   Compiling cargo-llvm-cov v0.9.0
    Finished `release` profile [optimized] target(s) in 42.02s
  Installing /mnt/d/Documents/Code/Github/ccr/target/evergreen-linux-tools/bin/cargo-llvm-cov
   Installed package `cargo-llvm-cov v0.9.0` (executable `cargo-llvm-cov`)
