bun test v1.4.2 (744846f84)

scripts\trellis\omp-context.test.ts:
(pass) OMP Trellis buildTaskContext > main and each role receive prd/design/implement markers [69.58ms]
(pass) OMP Trellis buildTaskContext > jsonl files stay isolated by role [54.52ms]
(pass) OMP Trellis buildTaskContext > lightweight task without design/implement still reads PRD [6.39ms]
(pass) OMP Trellis buildTaskContext > missing task files do not crash session_start [8.22ms]
(pass) OMP Trellis buildTaskContext > out-of-trust jsonl paths stay rejected [23.57ms]
(pass) OMP Trellis buildTaskContext > legacy info.md remains available to every role [58.51ms]
(pass) OMP Trellis buildTaskContext > design and implementation edits refresh the existing session cache [47.40ms]
(pass) OMP Trellis buildTaskContext > artifact and referenced-file symlinks cannot read outside trusted roots [24.83ms]
(pass) OMP Trellis buildTaskContext > explicit trusted roots permit artifact and manifest symlinks [28.24ms]
(pass) OMP Trellis buildTaskContext > artifact and file caps truncate on complete UTF-8 characters [23.69ms]
(pass) OMP Trellis buildTaskContext > total context cap emits a required-read notice without oversized content [22.59ms]
(pass) OMP Trellis buildTaskContext > a cap smaller than the wrapper emits no malformed payload [12.89ms]
(pass) OMP Trellis buildTaskContext > binary and malformed UTF-8 artifacts stay omitted [18.02ms]
(pass) OMP Trellis buildTaskContext > oversized manifests are omitted before parsing their entries [20.28ms]

 14 pass
 0 fail
 99 expect() calls
Ran 14 tests across 1 file. [1282.00ms]
