bun test v1.4.2 (744846f84)

scripts\trellis\omp-context.test.ts:
(pass) OMP Trellis buildTaskContext > main and each role receive prd/design/implement markers [29.05ms]
(pass) OMP Trellis buildTaskContext > jsonl files stay isolated by role [24.24ms]
(pass) OMP Trellis buildTaskContext > lightweight task without design/implement still reads PRD [2.42ms]
(pass) OMP Trellis buildTaskContext > missing task files do not crash session_start [2.21ms]
(pass) OMP Trellis buildTaskContext > out-of-trust jsonl paths stay rejected [10.89ms]
(pass) OMP Trellis buildTaskContext > legacy info.md remains available to every role [21.06ms]
(pass) OMP Trellis buildTaskContext > design and implementation edits refresh the existing session cache [24.52ms]
(pass) OMP Trellis buildTaskContext > artifact and referenced-file symlinks cannot read outside trusted roots [10.31ms]
(pass) OMP Trellis buildTaskContext > explicit trusted roots permit artifact and manifest symlinks [18.32ms]
(pass) OMP Trellis buildTaskContext > artifact and file caps truncate on complete UTF-8 characters [11.89ms]
(pass) OMP Trellis buildTaskContext > total context cap emits a required-read notice without oversized content [10.30ms]
(pass) OMP Trellis buildTaskContext > a cap smaller than the wrapper emits no malformed payload [7.79ms]
(pass) OMP Trellis buildTaskContext > binary and malformed UTF-8 artifacts stay omitted [10.44ms]
(pass) OMP Trellis buildTaskContext > oversized manifests are omitted before parsing their entries [11.64ms]

 14 pass
 0 fail
 99 expect() calls
Ran 14 tests across 1 file. [246.00ms]
