bun test v1.4.2 (744846f84)

scripts\trellis\omp-context.test.ts:
(pass) OMP Trellis buildTaskContext > main and each role receive prd/design/implement markers [27.15ms]
(pass) OMP Trellis buildTaskContext > jsonl files stay isolated by role [23.64ms]
(pass) OMP Trellis buildTaskContext > lightweight task without design/implement still reads PRD [2.57ms]
(pass) OMP Trellis buildTaskContext > missing task files do not crash session_start [3.73ms]
(pass) OMP Trellis buildTaskContext > out-of-trust jsonl paths stay rejected [10.72ms]
(pass) OMP Trellis buildTaskContext > legacy info.md remains available to every role [21.56ms]
(pass) OMP Trellis buildTaskContext > design and implementation edits refresh the existing session cache [23.47ms]
(pass) OMP Trellis buildTaskContext > artifact and referenced-file symlinks cannot read outside trusted roots [11.24ms]
(pass) OMP Trellis buildTaskContext > explicit trusted roots permit artifact and manifest symlinks [12.31ms]
(pass) OMP Trellis buildTaskContext > artifact and file caps truncate on complete UTF-8 characters [10.45ms]
(pass) OMP Trellis buildTaskContext > total context cap emits a required-read notice without oversized content [8.51ms]
(pass) OMP Trellis buildTaskContext > a cap smaller than the wrapper emits no malformed payload [5.80ms]
(pass) OMP Trellis buildTaskContext > binary and malformed UTF-8 artifacts stay omitted [7.96ms]
(pass) OMP Trellis buildTaskContext > oversized manifests are omitted before parsing their entries [13.13ms]

 14 pass
 0 fail
 99 expect() calls
Ran 14 tests across 1 file. [556.00ms]
