bun test v1.4.2 (744846f84)

scripts\trellis\omp-context.test.ts:
(pass) OMP Trellis buildTaskContext > main and each role receive prd/design/implement markers [91.55ms]
(pass) OMP Trellis buildTaskContext > jsonl files stay isolated by role [90.34ms]
(pass) OMP Trellis buildTaskContext > lightweight task without design/implement still reads PRD [9.66ms]
(pass) OMP Trellis buildTaskContext > missing task files do not crash session_start [7.00ms]
(pass) OMP Trellis buildTaskContext > out-of-trust jsonl paths stay rejected [28.66ms]
(pass) OMP Trellis buildTaskContext > legacy info.md remains available to every role [76.97ms]
(pass) OMP Trellis buildTaskContext > design and implementation edits refresh the existing session cache [67.40ms]
(pass) OMP Trellis buildTaskContext > artifact and referenced-file symlinks cannot read outside trusted roots [21.84ms]
(pass) OMP Trellis buildTaskContext > explicit trusted roots permit artifact and manifest symlinks [32.24ms]
(pass) OMP Trellis buildTaskContext > artifact and file caps truncate on complete UTF-8 characters [22.16ms]
(pass) OMP Trellis buildTaskContext > total context cap emits a required-read notice without oversized content [16.20ms]
(pass) OMP Trellis buildTaskContext > a cap smaller than the wrapper emits no malformed payload [10.35ms]
(pass) OMP Trellis buildTaskContext > binary and malformed UTF-8 artifacts stay omitted [27.10ms]
(pass) OMP Trellis buildTaskContext > oversized manifests are omitted before parsing their entries [23.26ms]

 14 pass
 0 fail
 99 expect() calls
Ran 14 tests across 1 file. [621.00ms]
