brace-expansion@1.1.18
  └─ minimatch@3.1.5 (requires ^1.1.7)
     ├─ @eslint/config-array@0.21.2 (requires ^3.1.5)
     │  └─ eslint@9.39.5 (requires ^0.21.2)
     │     ├─ peer @typescript-eslint/eslint-plugin@8.68.0 (requires ^8.57.0 || ^9.0.0 || ^10.0.0)
     │     │  └─ typescript-eslint@8.68.0 (requires 8.68.0)
     │     │     └─ dev ccr-ui-frontend-vue (requires ^8.68.0)
     │     ├─ peer @typescript-eslint/parser@8.68.0 (requires ^8.57.0 || ^9.0.0 || ^10.0.0)
     │     │  ├─ typescript-eslint@8.68.0 (requires 8.68.0)
     │     │  │  └─ dev ccr-ui-frontend-vue (requires ^8.68.0)
     │     │  ├─ peer @typescript-eslint/eslint-plugin@8.68.0 (requires ^8.68.0)
     │     │  │  └─ typescript-eslint@8.68.0 (requires 8.68.0)
     │     │  │     └─ dev ccr-ui-frontend-vue (requires ^8.68.0)
     │     │  └─ dev ccr-ui-frontend-vue (requires ^8.68.0)
     │     ├─ peer @typescript-eslint/type-utils@8.68.0 (requires ^8.57.0 || ^9.0.0 || ^10.0.0)
     │     │  └─ @typescript-eslint/eslint-plugin@8.68.0 (requires 8.68.0)
     │     │     └─ typescript-eslint@8.68.0 (requires 8.68.0)
     │     │        └─ dev ccr-ui-frontend-vue (requires ^8.68.0)
     │     ├─ peer @typescript-eslint/utils@8.68.0 (requires ^8.57.0 || ^9.0.0 || ^10.0.0)
     │     │  ├─ @typescript-eslint/eslint-plugin@8.68.0 (requires 8.68.0)
     │     │  │  └─ typescript-eslint@8.68.0 (requires 8.68.0)
     │     │  │     └─ dev ccr-ui-frontend-vue (requires ^8.68.0)
     │     │  ├─ @typescript-eslint/type-utils@8.68.0 (requires 8.68.0)
     │     │  │  └─ @typescript-eslint/eslint-plugin@8.68.0 (requires 8.68.0)
     │     │  │     └─ typescript-eslint@8.68.0 (requires 8.68.0)
     │     │  │        └─ dev ccr-ui-frontend-vue (requires ^8.68.0)
     │     │  └─ typescript-eslint@8.68.0 (requires 8.68.0)
     │     │     └─ dev ccr-ui-frontend-vue (requires ^8.68.0)
     │     ├─ peer eslint-plugin-react@7.37.5 (requires ^3 || ^4 || ^5 || ^6 || ^7 || ^8 || ^9.7)
     │     │  └─ dev ccr-ui-frontend-vue (requires ^7.37.5)
     │     ├─ peer eslint-plugin-react-hooks@7.1.1 (requires ^3.0.0 || ^4.0.0 || ^5.0.0 || ^6.0.0 || ^7.0.0 || ^8.0.0-0 || ^9.0.0 || ^10.0.0)
     │     │  └─ dev ccr-ui-frontend-vue (requires ^7.1.1)
     │     ├─ peer typescript-eslint@8.68.0 (requires ^8.57.0 || ^9.0.0 || ^10.0.0)
     │     │  └─ dev ccr-ui-frontend-vue (requires ^8.68.0)
     │     ├─ dev ccr-ui-frontend-vue (requires ^9.39.4)
     │     ├─ peer @eslint-community/eslint-utils@4.10.1 (requires ^6.0.0 || ^7.0.0 || >=8.0.0)
     │     │  ├─ @typescript-eslint/utils@8.68.0 (requires ^4.9.1)
     │     │  │  ├─ @typescript-eslint/eslint-plugin@8.68.0 (requires 8.68.0)
     │     │  │  │  └─ typescript-eslint@8.68.0 (requires 8.68.0)
     │     │  │  │     └─ dev ccr-ui-frontend-vue (requires ^8.68.0)
     │     │  │  ├─ @typescript-eslint/type-utils@8.68.0 (requires 8.68.0)
     │     │  │  │  └─ @typescript-eslint/eslint-plugin@8.68.0 (requires 8.68.0)
     │     │  │  │     └─ typescript-eslint@8.68.0 (requires 8.68.0)
     │     │  │  │        └─ dev ccr-ui-frontend-vue (requires ^8.68.0)
     │     │  │  └─ typescript-eslint@8.68.0 (requires 8.68.0)
     │     │  │     └─ dev ccr-ui-frontend-vue (requires ^8.68.0)
     │     │  └─ eslint@9.39.5 (requires ^4.8.0)
     │     │     └─ *circular
     │     ├─ peer eslint-plugin-boundaries@7.2.0 (requires >=6.0.0)
     │     │  └─ dev ccr-ui-frontend-vue (requires ^7.2.0)
     │     ├─ peer eslint-import-resolver-typescript@4.4.5 (requires *)
     │     │  └─ dev ccr-ui-frontend-vue (requires ^4.4.5)
     │     └─ optional peer eslint-module-utils@2.12.1 (requires *)
     │        ├─ @boundaries/elements@3.1.1 (requires 2.12.1)
     │        │  └─ eslint-plugin-boundaries@7.2.0 (requires 3.1.1)
     │        │     └─ dev ccr-ui-frontend-vue (requires ^7.2.0)
     │        └─ eslint-plugin-boundaries@7.2.0 (requires 2.12.1)
     │           └─ dev ccr-ui-frontend-vue (requires ^7.2.0)
     ├─ @eslint/eslintrc@3.3.6 (requires ^3.1.5)
     │  └─ eslint@9.39.5 (requires ^3.3.6)
     │     ├─ peer @typescript-eslint/eslint-plugin@8.68.0 (requires ^8.57.0 || ^9.0.0 || ^10.0.0)
     │     │  └─ typescript-eslint@8.68.0 (requires 8.68.0)
     │     │     └─ dev ccr-ui-frontend-vue (requires ^8.68.0)
     │     ├─ peer @typescript-eslint/parser@8.68.0 (requires ^8.57.0 || ^9.0.0 || ^10.0.0)
     │     │  ├─ typescript-eslint@8.68.0 (requires 8.68.0)
     │     │  │  └─ dev ccr-ui-frontend-vue (requires ^8.68.0)
     │     │  ├─ peer @typescript-eslint/eslint-plugin@8.68.0 (requires ^8.68.0)
     │     │  │  └─ typescript-eslint@8.68.0 (requires 8.68.0)
     │     │  │     └─ dev ccr-ui-frontend-vue (requires ^8.68.0)
     │     │  └─ dev ccr-ui-frontend-vue (requires ^8.68.0)
     │     ├─ peer @typescript-eslint/type-utils@8.68.0 (requires ^8.57.0 || ^9.0.0 || ^10.0.0)
     │     │  └─ @typescript-eslint/eslint-plugin@8.68.0 (requires 8.68.0)
     │     │     └─ typescript-eslint@8.68.0 (requires 8.68.0)
     │     │        └─ dev ccr-ui-frontend-vue (requires ^8.68.0)
     │     ├─ peer @typescript-eslint/utils@8.68.0 (requires ^8.57.0 || ^9.0.0 || ^10.0.0)
     │     │  ├─ @typescript-eslint/eslint-plugin@8.68.0 (requires 8.68.0)
     │     │  │  └─ typescript-eslint@8.68.0 (requires 8.68.0)
     │     │  │     └─ dev ccr-ui-frontend-vue (requires ^8.68.0)
     │     │  ├─ @typescript-eslint/type-utils@8.68.0 (requires 8.68.0)
     │     │  │  └─ @typescript-eslint/eslint-plugin@8.68.0 (requires 8.68.0)
     │     │  │     └─ typescript-eslint@8.68.0 (requires 8.68.0)
     │     │  │        └─ dev ccr-ui-frontend-vue (requires ^8.68.0)
     │     │  └─ typescript-eslint@8.68.0 (requires 8.68.0)
     │     │     └─ dev ccr-ui-frontend-vue (requires ^8.68.0)
     │     ├─ peer eslint-plugin-react@7.37.5 (requires ^3 || ^4 || ^5 || ^6 || ^7 || ^8 || ^9.7)
     │     │  └─ dev ccr-ui-frontend-vue (requires ^7.37.5)
     │     ├─ peer eslint-plugin-react-hooks@7.1.1 (requires ^3.0.0 || ^4.0.0 || ^5.0.0 || ^6.0.0 || ^7.0.0 || ^8.0.0-0 || ^9.0.0 || ^10.0.0)
     │     │  └─ dev ccr-ui-frontend-vue (requires ^7.1.1)
     │     ├─ peer typescript-eslint@8.68.0 (requires ^8.57.0 || ^9.0.0 || ^10.0.0)
     │     │  └─ dev ccr-ui-frontend-vue (requires ^8.68.0)
     │     ├─ dev ccr-ui-frontend-vue (requires ^9.39.4)
     │     ├─ peer @eslint-community/eslint-utils@4.10.1 (requires ^6.0.0 || ^7.0.0 || >=8.0.0)
     │     │  ├─ @typescript-eslint/utils@8.68.0 (requires ^4.9.1)
     │     │  │  ├─ @typescript-eslint/eslint-plugin@8.68.0 (requires 8.68.0)
     │     │  │  │  └─ typescript-eslint@8.68.0 (requires 8.68.0)
     │     │  │  │     └─ dev ccr-ui-frontend-vue (requires ^8.68.0)
     │     │  │  ├─ @typescript-eslint/type-utils@8.68.0 (requires 8.68.0)
     │     │  │  │  └─ @typescript-eslint/eslint-plugin@8.68.0 (requires 8.68.0)
     │     │  │  │     └─ typescript-eslint@8.68.0 (requires 8.68.0)
     │     │  │  │        └─ dev ccr-ui-frontend-vue (requires ^8.68.0)
     │     │  │  └─ typescript-eslint@8.68.0 (requires 8.68.0)
     │     │  │     └─ dev ccr-ui-frontend-vue (requires ^8.68.0)
     │     │  └─ eslint@9.39.5 (requires ^4.8.0)
     │     │     └─ *circular
     │     ├─ peer eslint-plugin-boundaries@7.2.0 (requires >=6.0.0)
     │     │  └─ dev ccr-ui-frontend-vue (requires ^7.2.0)
     │     ├─ peer eslint-import-resolver-typescript@4.4.5 (requires *)
     │     │  └─ dev ccr-ui-frontend-vue (requires ^4.4.5)
     │     └─ optional peer eslint-module-utils@2.12.1 (requires *)
     │        ├─ @boundaries/elements@3.1.1 (requires 2.12.1)
     │        │  └─ eslint-plugin-boundaries@7.2.0 (requires 3.1.1)
     │        │     └─ dev ccr-ui-frontend-vue (requires ^7.2.0)
     │        └─ eslint-plugin-boundaries@7.2.0 (requires 2.12.1)
     │           └─ dev ccr-ui-frontend-vue (requires ^7.2.0)
     ├─ eslint@9.39.5 (requires ^3.1.5)
     │  ├─ peer @typescript-eslint/eslint-plugin@8.68.0 (requires ^8.57.0 || ^9.0.0 || ^10.0.0)
     │  │  └─ typescript-eslint@8.68.0 (requires 8.68.0)
     │  │     └─ dev ccr-ui-frontend-vue (requires ^8.68.0)
     │  ├─ peer @typescript-eslint/parser@8.68.0 (requires ^8.57.0 || ^9.0.0 || ^10.0.0)
     │  │  ├─ typescript-eslint@8.68.0 (requires 8.68.0)
     │  │  │  └─ dev ccr-ui-frontend-vue (requires ^8.68.0)
     │  │  ├─ peer @typescript-eslint/eslint-plugin@8.68.0 (requires ^8.68.0)
     │  │  │  └─ typescript-eslint@8.68.0 (requires 8.68.0)
     │  │  │     └─ dev ccr-ui-frontend-vue (requires ^8.68.0)
     │  │  └─ dev ccr-ui-frontend-vue (requires ^8.68.0)
     │  ├─ peer @typescript-eslint/type-utils@8.68.0 (requires ^8.57.0 || ^9.0.0 || ^10.0.0)
     │  │  └─ @typescript-eslint/eslint-plugin@8.68.0 (requires 8.68.0)
     │  │     └─ typescript-eslint@8.68.0 (requires 8.68.0)
     │  │        └─ dev ccr-ui-frontend-vue (requires ^8.68.0)
     │  ├─ peer @typescript-eslint/utils@8.68.0 (requires ^8.57.0 || ^9.0.0 || ^10.0.0)
     │  │  ├─ @typescript-eslint/eslint-plugin@8.68.0 (requires 8.68.0)
     │  │  │  └─ typescript-eslint@8.68.0 (requires 8.68.0)
     │  │  │     └─ dev ccr-ui-frontend-vue (requires ^8.68.0)
     │  │  ├─ @typescript-eslint/type-utils@8.68.0 (requires 8.68.0)
     │  │  │  └─ @typescript-eslint/eslint-plugin@8.68.0 (requires 8.68.0)
     │  │  │     └─ typescript-eslint@8.68.0 (requires 8.68.0)
     │  │  │        └─ dev ccr-ui-frontend-vue (requires ^8.68.0)
     │  │  └─ typescript-eslint@8.68.0 (requires 8.68.0)
     │  │     └─ dev ccr-ui-frontend-vue (requires ^8.68.0)
     │  ├─ peer eslint-plugin-react@7.37.5 (requires ^3 || ^4 || ^5 || ^6 || ^7 || ^8 || ^9.7)
     │  │  └─ dev ccr-ui-frontend-vue (requires ^7.37.5)
     │  ├─ peer eslint-plugin-react-hooks@7.1.1 (requires ^3.0.0 || ^4.0.0 || ^5.0.0 || ^6.0.0 || ^7.0.0 || ^8.0.0-0 || ^9.0.0 || ^10.0.0)
     │  │  └─ dev ccr-ui-frontend-vue (requires ^7.1.1)
     │  ├─ peer typescript-eslint@8.68.0 (requires ^8.57.0 || ^9.0.0 || ^10.0.0)
     │  │  └─ dev ccr-ui-frontend-vue (requires ^8.68.0)
     │  ├─ dev ccr-ui-frontend-vue (requires ^9.39.4)
     │  ├─ peer @eslint-community/eslint-utils@4.10.1 (requires ^6.0.0 || ^7.0.0 || >=8.0.0)
     │  │  ├─ @typescript-eslint/utils@8.68.0 (requires ^4.9.1)
     │  │  │  ├─ @typescript-eslint/eslint-plugin@8.68.0 (requires 8.68.0)
     │  │  │  │  └─ typescript-eslint@8.68.0 (requires 8.68.0)
     │  │  │  │     └─ dev ccr-ui-frontend-vue (requires ^8.68.0)
     │  │  │  ├─ @typescript-eslint/type-utils@8.68.0 (requires 8.68.0)
     │  │  │  │  └─ @typescript-eslint/eslint-plugin@8.68.0 (requires 8.68.0)
     │  │  │  │     └─ typescript-eslint@8.68.0 (requires 8.68.0)
     │  │  │  │        └─ dev ccr-ui-frontend-vue (requires ^8.68.0)
     │  │  │  └─ typescript-eslint@8.68.0 (requires 8.68.0)
     │  │  │     └─ dev ccr-ui-frontend-vue (requires ^8.68.0)
     │  │  └─ eslint@9.39.5 (requires ^4.8.0)
     │  │     └─ *circular
     │  ├─ peer eslint-plugin-boundaries@7.2.0 (requires >=6.0.0)
     │  │  └─ dev ccr-ui-frontend-vue (requires ^7.2.0)
     │  ├─ peer eslint-import-resolver-typescript@4.4.5 (requires *)
     │  │  └─ dev ccr-ui-frontend-vue (requires ^4.4.5)
     │  └─ optional peer eslint-module-utils@2.12.1 (requires *)
     │     ├─ @boundaries/elements@3.1.1 (requires 2.12.1)
     │     │  └─ eslint-plugin-boundaries@7.2.0 (requires 3.1.1)
     │     │     └─ dev ccr-ui-frontend-vue (requires ^7.2.0)
     │     └─ eslint-plugin-boundaries@7.2.0 (requires 2.12.1)
     │        └─ dev ccr-ui-frontend-vue (requires ^7.2.0)
     └─ eslint-plugin-react@7.37.5 (requires ^3.1.2)
        └─ dev ccr-ui-frontend-vue (requires ^7.37.5)

brace-expansion@5.0.9
  └─ minimatch@10.2.5 (requires ^5.0.5)
     ├─ @typescript-eslint/typescript-estree@8.68.0 (requires ^10.2.2)
     │  ├─ @typescript-eslint/parser@8.68.0 (requires 8.68.0)
     │  │  ├─ typescript-eslint@8.68.0 (requires 8.68.0)
     │  │  │  └─ dev ccr-ui-frontend-vue (requires ^8.68.0)
     │  │  ├─ peer @typescript-eslint/eslint-plugin@8.68.0 (requires ^8.68.0)
     │  │  │  └─ typescript-eslint@8.68.0 (requires 8.68.0)
     │  │  │     └─ dev ccr-ui-frontend-vue (requires ^8.68.0)
     │  │  └─ dev ccr-ui-frontend-vue (requires ^8.68.0)
     │  ├─ @typescript-eslint/type-utils@8.68.0 (requires 8.68.0)
     │  │  └─ @typescript-eslint/eslint-plugin@8.68.0 (requires 8.68.0)
     │  │     └─ typescript-eslint@8.68.0 (requires 8.68.0)
     │  │        └─ dev ccr-ui-frontend-vue (requires ^8.68.0)
     │  ├─ @typescript-eslint/utils@8.68.0 (requires 8.68.0)
     │  │  ├─ @typescript-eslint/eslint-plugin@8.68.0 (requires 8.68.0)
     │  │  │  └─ typescript-eslint@8.68.0 (requires 8.68.0)
     │  │  │     └─ dev ccr-ui-frontend-vue (requires ^8.68.0)
     │  │  ├─ @typescript-eslint/type-utils@8.68.0 (requires 8.68.0)
     │  │  │  └─ @typescript-eslint/eslint-plugin@8.68.0 (requires 8.68.0)
     │  │  │     └─ typescript-eslint@8.68.0 (requires 8.68.0)
     │  │  │        └─ dev ccr-ui-frontend-vue (requires ^8.68.0)
     │  │  └─ typescript-eslint@8.68.0 (requires 8.68.0)
     │  │     └─ dev ccr-ui-frontend-vue (requires ^8.68.0)
     │  └─ typescript-eslint@8.68.0 (requires 8.68.0)
     │     └─ dev ccr-ui-frontend-vue (requires ^8.68.0)
     └─ glob@13.0.6 (requires ^10.2.2)
        └─ dpdm@4.3.0 (requires ^13.0.0)
           └─ dev ccr-ui-frontend-vue (requires ^4.3.0)

