...........................
----------------------------------------------------------------------
Ran 27 tests in 32.836s

OK
CI governance check passed (45 immutable action references)
Serial-only test annotations: 0 (target: 0)
......
----------------------------------------------------------------------
Ran 6 tests in 0.032s

OK
Repeated dependencies checked: 19
Active exceptions: 1
  - toml root=1.1.4 tauri=0.9.8
root/Tauri dependency and MSRV governance check passed
warning: linker stdout: 正在创建库 D:/Documents/Code/Github/ccr/ccr-ui/src-tauri/target\debug\deps\ccr_tauri_command_macros-271ea576f0e047ce.dll.lib 和对象 D:/Documents/Code/Github/ccr/ccr-ui/src-tauri/target\debug\deps\ccr_tauri_command_macros-271ea576f0e047ce.dll.exp
  |
  = note: `#[warn(linker_messages)]` on by default

warning: `ccr-tauri-command-macros` (lib) generated 1 warning
    Finished `test` profile [unoptimized + debuginfo] target(s) in 2.26s
     Running unittests src\main.rs (ccr-ui\src-tauri\target\debug\deps\ccr_desktop-5aabd7cb81fe19ae.exe)

running 1 test
test commands::handler_registry::tests::command_inventory_document_matches_registry ... ok

test result: ok. 1 passed; 0 failed; 0 ignored; 0 measured; 604 filtered out; finished in 0.03s

     Running tests\llmusage_no_crate_guard.rs (ccr-ui\src-tauri\target\debug\deps\llmusage_no_crate_guard-e3ffec19be904b78.exe)

running 0 tests

test result: ok. 0 passed; 0 failed; 0 ignored; 0 measured; 2 filtered out; finished in 0.00s

mbx[savings]: 30.1 GiB logical of outputs had survived their checkouts. an unnatural state, now corrected.
