cd ccr-ui && bun run audit:dependencies
$ bun ./scripts/audit-dependencies.mjs
frontend dependency audit failed:
- colord: unapproved GHSA-2wm5-q62r-hmrv (moderate)
- fast-uri: unapproved GHSA-5jgf-p345-68v8 (high)
- fast-uri: unapproved GHSA-f65p-4m7j-42xc (high)
- fast-uri: unapproved GHSA-fph4-wmhf-6fwf (high)
- fast-uri: unapproved GHSA-jqff-g426-hqxp (high)
- fast-uri: unapproved GHSA-qw65-cvwx-89v3 (high)
- js-yaml: unapproved GHSA-2883-xcg3-v3hh (high)
- undici: unapproved GHSA-3wwx-pv8p-q78v (moderate)
- undici: unapproved GHSA-pmjh-fq2x-6v4x (moderate)
- undici: unapproved GHSA-r53p-7pc4-xj5r (low)
- undici: unapproved GHSA-rfgv-xxqx-mfg5 (high)
- undici: unapproved GHSA-3xpg-4rpp-hhhm (moderate)
- undici: unapproved GHSA-2jfj-6hjv-fm6j (moderate)
- undici: unapproved GHSA-2gqq-gqf2-x968 (low)
- undici: unapproved GHSA-w293-vg96-wgc3 (high)
- undici: unapproved GHSA-8436-99hf-9mmv (low)
- undici: unapproved GHSA-vp8m-p9jh-q5pm (high)
- undici: unapproved GHSA-rx4f-c7p8-82vq (moderate)
error: script "audit:dependencies" exited with code 1
error: recipe `frontend-audit` failed on line 824 with exit code 1
