Dependabot	UNKNOWN STEP	﻿2026-09-28T02:44:22.3931939Z Current runner version: '2.337.0'
Dependabot	UNKNOWN STEP	2026-09-28T02:44:22.3953594Z ##[group]Runner Image Provisioner
Dependabot	UNKNOWN STEP	2026-09-28T02:44:22.3954393Z Hosted Compute Agent
Dependabot	UNKNOWN STEP	2026-09-28T02:44:22.3954947Z Version: 20260828.587
Dependabot	UNKNOWN STEP	2026-09-28T02:44:22.3955554Z Commit: abac92662cab4cc7352de4f9f9d2e2419aad9c29
Dependabot	UNKNOWN STEP	2026-09-28T02:44:22.3956173Z Build Date: 2026-08-28T16:44:25Z
Dependabot	UNKNOWN STEP	2026-09-28T02:44:22.3956798Z Worker ID: {6f3653fe-8cc3-4b1d-b873-8f4807b138db}
Dependabot	UNKNOWN STEP	2026-09-28T02:44:22.3957478Z Azure Region: westus3
Dependabot	UNKNOWN STEP	2026-09-28T02:44:22.3957960Z ##[endgroup]
Dependabot	UNKNOWN STEP	2026-09-28T02:44:22.3959203Z ##[group]Operating System
Dependabot	UNKNOWN STEP	2026-09-28T02:44:22.3959728Z Ubuntu
Dependabot	UNKNOWN STEP	2026-09-28T02:44:22.3960452Z 24.04.5
Dependabot	UNKNOWN STEP	2026-09-28T02:44:22.3960898Z LTS
Dependabot	UNKNOWN STEP	2026-09-28T02:44:22.3961323Z ##[endgroup]
Dependabot	UNKNOWN STEP	2026-09-28T02:44:22.3961850Z ##[group]Runner Image
Dependabot	UNKNOWN STEP	2026-09-28T02:44:22.3962439Z Image: ubuntu-24.04
Dependabot	UNKNOWN STEP	2026-09-28T02:44:22.3962962Z Version: 20260920.314.1
Dependabot	UNKNOWN STEP	2026-09-28T02:44:22.3964024Z Included Software: https://github.com/actions/runner-images/blob/ubuntu24/20260920.314/images/ubuntu/Ubuntu2404-Readme.md
Dependabot	UNKNOWN STEP	2026-09-28T02:44:22.3965291Z Image Release: https://github.com/actions/runner-images/releases/tag/ubuntu24%2F20260920.314
Dependabot	UNKNOWN STEP	2026-09-28T02:44:22.3966109Z ##[endgroup]
Dependabot	UNKNOWN STEP	2026-09-28T02:44:22.3967479Z ##[group]GITHUB_TOKEN Permissions
Dependabot	UNKNOWN STEP	2026-09-28T02:44:22.3969317Z Contents: read
Dependabot	UNKNOWN STEP	2026-09-28T02:44:22.3969909Z Metadata: read
Dependabot	UNKNOWN STEP	2026-09-28T02:44:22.3970592Z Packages: read
Dependabot	UNKNOWN STEP	2026-09-28T02:44:22.3971143Z ##[endgroup]
Dependabot	UNKNOWN STEP	2026-09-28T02:44:22.3972919Z Secret source: None
Dependabot	UNKNOWN STEP	2026-09-28T02:44:22.3973756Z Cache mode: read
Dependabot	UNKNOWN STEP	2026-09-28T02:44:22.3974368Z Prepare workflow directory
Dependabot	UNKNOWN STEP	2026-09-28T02:44:22.4253945Z Prepare all required actions
Dependabot	UNKNOWN STEP	2026-09-28T02:44:22.4292416Z Getting action download info
Dependabot	UNKNOWN STEP	2026-09-28T02:44:22.7134280Z Download action repository 'github/dependabot-action@main' (SHA:9bb6e1c2f86f9ee7cc19e8258be698c4115aefb6)
Dependabot	UNKNOWN STEP	2026-09-28T02:44:23.6130699Z Complete job name: Dependabot
Dependabot	UNKNOWN STEP	2026-09-28T02:44:23.6784343Z ##[group]Run mkdir -p  ./dependabot-job-1593974883-1790563455
Dependabot	UNKNOWN STEP	2026-09-28T02:44:23.6785172Z ^[[36;1mmkdir -p  ./dependabot-job-1593974883-1790563455^[[0m
Dependabot	UNKNOWN STEP	2026-09-28T02:44:23.7006924Z shell: /usr/bin/bash -e {0}
Dependabot	UNKNOWN STEP	2026-09-28T02:44:23.7007661Z ##[endgroup]
Dependabot	UNKNOWN STEP	2026-09-28T02:44:23.7294748Z ##[group]Run github/dependabot-action@main
Dependabot	UNKNOWN STEP	2026-09-28T02:44:23.7295331Z env:
Dependabot	UNKNOWN STEP	2026-09-28T02:44:23.7295721Z   DEPENDABOT_DISABLE_CLEANUP: 1
Dependabot	UNKNOWN STEP	2026-09-28T02:44:23.7296220Z   DEPENDABOT_ENABLE_CONNECTIVITY_CHECK: 0
Dependabot	UNKNOWN STEP	2026-09-28T02:44:23.7299789Z   GITHUB_TOKEN: ***
Dependabot	UNKNOWN STEP	2026-09-28T02:44:23.7300681Z   GITHUB_DEPENDABOT_JOB_TOKEN: ***
Dependabot	UNKNOWN STEP	2026-09-28T02:44:23.7301471Z   GITHUB_DEPENDABOT_CRED_TOKEN: ***
Dependabot	UNKNOWN STEP	2026-09-28T02:44:23.7301970Z   GITHUB_REGISTRIES_PROXY: 
Dependabot	UNKNOWN STEP	2026-09-28T02:44:23.7302404Z ##[endgroup]
Dependabot	UNKNOWN STEP	2026-09-28T02:44:23.8625907Z 🤖 ~ starting update ~
Dependabot	UNKNOWN STEP	2026-09-28T02:44:23.8663756Z Fetching job details
Dependabot	UNKNOWN STEP	2026-09-28T02:44:25.3326771Z 🤖 ~ Failed to parse GITHUB_REGISTRIES_PROXY environment variable ~
Dependabot	UNKNOWN STEP	2026-09-28T02:44:25.3330017Z Adding GitHub Packages credential
Dependabot	UNKNOWN STEP	2026-09-28T02:44:25.3334496Z ##[group]Pulling updater images
Dependabot	UNKNOWN STEP	2026-09-28T02:44:25.3376139Z Pulling image ghcr.io/dependabot/dependabot-updater-npm:6d73451565312503967f81f7de16a3c6507c3888 (attempt 1)...
Dependabot	UNKNOWN STEP	2026-09-28T02:44:25.5235240Z Successfully sent metric (dependabot.action.ghcr_image_pull) to remote API endpoint
Dependabot	UNKNOWN STEP	2026-09-28T02:44:46.0092968Z Pulled image ghcr.io/dependabot/dependabot-updater-npm:6d73451565312503967f81f7de16a3c6507c3888
Dependabot	UNKNOWN STEP	2026-09-28T02:44:46.0103912Z Pulling image ghcr.io/dependabot/proxy:v2.0.20260926055441@sha256:f094870e45865c7e2c947adb40d8e1486bd9606415e5e66cf8c9ec2af193dd5e (attempt 1)...
Dependabot	UNKNOWN STEP	2026-09-28T02:44:46.1918397Z Successfully sent metric (dependabot.action.ghcr_image_pull) to remote API endpoint
Dependabot	UNKNOWN STEP	2026-09-28T02:44:47.1975722Z Pulled image ghcr.io/dependabot/proxy:v2.0.20260926055441@sha256:f094870e45865c7e2c947adb40d8e1486bd9606415e5e66cf8c9ec2af193dd5e
Dependabot	UNKNOWN STEP	2026-09-28T02:44:47.1977455Z ##[endgroup]
Dependabot	UNKNOWN STEP	2026-09-28T02:44:47.1977828Z Starting update process
Dependabot	UNKNOWN STEP	2026-09-28T02:44:47.3839250Z Created proxy container: e96ba2876d88572a0050dbfa7c0c82c9a42293c98b7546935087fcb96d15aebd
Dependabot	UNKNOWN STEP	2026-09-28T02:44:47.8724620Z   proxy | 2026/09/28 02:44:47 proxy starting, commit: 588488299efa6dcdaa5e0678053e692738c79eda
Dependabot	UNKNOWN STEP	2026-09-28T02:44:47.8736581Z   proxy | 2026/09/28 02:44:47 Listening (:1080)
Dependabot	UNKNOWN STEP	2026-09-28T02:44:48.1083257Z Created container: be2a2254049c576c46be345f2200a57b1d3f2bf9cc891b6beed299fb241d71be
Dependabot	UNKNOWN STEP	2026-09-28T02:44:48.1987275Z Started container be2a2254049c576c46be345f2200a57b1d3f2bf9cc891b6beed299fb241d71be
Dependabot	UNKNOWN STEP	2026-09-28T02:44:48.2759945Z updater | Updating certificates in /etc/ssl/certs...
Dependabot	UNKNOWN STEP	2026-09-28T02:44:49.1111649Z updater | rehash: warning: skipping ca-certificates.crt,it does not contain exactly one certificate or CRL
Dependabot	UNKNOWN STEP	2026-09-28T02:44:49.1400642Z updater | 1 added, 0 removed; done.
Dependabot	UNKNOWN STEP	2026-09-28T02:44:49.1405176Z updater | Running hooks in /etc/ca-certificates/update.d...
Dependabot	UNKNOWN STEP	2026-09-28T02:44:49.1501844Z updater | done.
Dependabot	UNKNOWN STEP	2026-09-28T02:44:49.4480744Z updater | fetch_files command is no longer used directly
Dependabot	UNKNOWN STEP	2026-09-28T02:44:51.8218933Z updater | 2026/09/28 02:44:51 INFO <job_1593974883> Starting job processing
Dependabot	UNKNOWN STEP	2026-09-28T02:44:51.8227905Z updater | 2026/09/28 02:44:51 INFO <job_1593974883> Job definition: {"job":{"command":"version","allowed-updates":[{"dependency-type":"direct","update-type":"all"}],"commit-message-options":{"prefix":null,"prefix-development":null,"include-scope":null},"credentials-metadata":[{"type":"git_source","host":"github.com"}],"debug":null,"dependencies":null,"dependency-groups":[],"dependency-group-to-refresh":null,"existing-pull-requests":[],"existing-group-pull-requests":[],"experiments":{"record-ecosystem-versions":true,"record-update-job-unknown-error":true,"azure-registry-backup":true,"automatic-github-packages-auth":true,"blocked-versions":true,"workflow-job-summary":true,"async-retry":true,"enable-npmrc-credential-generation":true,"proxy-read-only-git-credentials":true,"proxy-egress-observe":true,"maven-wrapper-updater":true,"prioritize-scm-source":true},"ignore-conditions":[],"lockfile-only":false,"package-manager":"npm_and_yarn","requirements-update-strategy":null,"reject-external-code":false,"security-advisories":[],"security-updates-only":false,"source":{"provider":"github","repo":"bahayonghang/ccr","branch":null,"directory":"/docs","api-endpoint":"https://api.github.com/","hostname":"github.com"},"updating-a-pull-request":false,"update-subdependencies":false,"vendor-dependencies":false,"enable-beta-ecosystems":false,"repo-private":false,"multi-ecosystem-update":false,"exclude-paths":null}}
Dependabot	UNKNOWN STEP	2026-09-28T02:44:51.9743315Z   proxy | 2026/09/28 02:44:51 [002] GET https://github.com:443/bahayonghang/ccr.git/info/refs?service=git-upload-pack
Dependabot	UNKNOWN STEP	2026-09-28T02:44:51.9745058Z   proxy | 2026/09/28 02:44:51 [002] * authenticating git server request (host: github.com)
Dependabot	UNKNOWN STEP	2026-09-28T02:44:52.2124048Z   proxy | 2026/09/28 02:44:52 [002] 200 https://github.com:443/bahayonghang/ccr.git/info/refs?service=git-upload-pack
Dependabot	UNKNOWN STEP	2026-09-28T02:44:52.4841792Z updater | 2026/09/28 02:44:52 INFO <job_1593974883> Started process PID: 1001 with command: {} git clone --no-tags --depth 1 --recurse-submodules --shallow-submodules https://github.com/bahayonghang/ccr /home/dependabot/dependabot-updater/repo {}
Dependabot	UNKNOWN STEP	2026-09-28T02:44:52.8873604Z   proxy | 2026/09/28 02:44:52 [004] GET https://github.com:443/bahayonghang/ccr/info/refs?service=git-upload-pack
Dependabot	UNKNOWN STEP	2026-09-28T02:44:52.8885681Z 2026/09/28 02:44:52 [004] * authenticating git server request (host: github.com)
Dependabot	UNKNOWN STEP	2026-09-28T02:44:52.9954806Z   proxy | 2026/09/28 02:44:52 [004] 200 https://github.com:443/bahayonghang/ccr/info/refs?service=git-upload-pack
Dependabot	UNKNOWN STEP	2026-09-28T02:44:52.9955973Z   proxy | 2026/09/28 02:44:52 [005] POST https://github.com:443/bahayonghang/ccr/git-upload-pack
Dependabot	UNKNOWN STEP	2026-09-28T02:44:52.9956834Z 2026/09/28 02:44:52 [005] * authenticating git server request (host: github.com)
Dependabot	UNKNOWN STEP	2026-09-28T02:44:53.1626198Z   proxy | 2026/09/28 02:44:53 [005] 200 https://github.com:443/bahayonghang/ccr/git-upload-pack
Dependabot	UNKNOWN STEP	2026-09-28T02:44:53.1906644Z   proxy | 2026/09/28 02:44:53 [006] POST https://github.com:443/bahayonghang/ccr/git-upload-pack
Dependabot	UNKNOWN STEP	2026-09-28T02:44:53.1907421Z 2026/09/28 02:44:53 [006] * authenticating git server request (host: github.com)
Dependabot	UNKNOWN STEP	2026-09-28T02:44:53.7786932Z   proxy | 2026/09/28 02:44:53 [006] 200 https://github.com:443/bahayonghang/ccr/git-upload-pack
Dependabot	UNKNOWN STEP	2026-09-28T02:44:56.7312429Z updater | 2026/09/28 02:44:56 INFO <job_1593974883> Process PID: 1001 completed with status: pid 1001 exit 0
Dependabot	UNKNOWN STEP	2026-09-28T02:44:56.7312950Z 2026/09/28 02:44:56 INFO <job_1593974883> Total execution time: 4.25 seconds
Dependabot	UNKNOWN STEP	2026-09-28T02:44:56.7317806Z updater | 2026/09/28 02:44:56 INFO <job_1593974883> Started process PID: 1043 with command: {} git -C /home/dependabot/dependabot-updater/repo ls-files --stage {}
Dependabot	UNKNOWN STEP	2026-09-28T02:44:56.7699180Z updater | 2026/09/28 02:44:56 INFO <job_1593974883> Process PID: 1043 completed with status: pid 1043 exit 0
Dependabot	UNKNOWN STEP	2026-09-28T02:44:56.7699894Z 2026/09/28 02:44:56 INFO <job_1593974883> Total execution time: 0.04 seconds
Dependabot	UNKNOWN STEP	2026-09-28T02:44:56.8161765Z updater | 2026/09/28 02:44:56 INFO <job_1593974883> Started process PID: 1138 with command: {} git lfs pull --include .yarn,./yarn/cache {}
Dependabot	UNKNOWN STEP	2026-09-28T02:44:57.9512563Z updater | 2026/09/28 02:44:57 INFO <job_1593974883> Process PID: 1138 completed with status: pid 1138 exit 0
Dependabot	UNKNOWN STEP	2026-09-28T02:44:57.9513538Z 2026/09/28 02:44:57 INFO <job_1593974883> Total execution time: 1.14 seconds
Dependabot	UNKNOWN STEP	2026-09-28T02:44:58.1322897Z updater | 2026/09/28 02:44:58 INFO <job_1593974883> Started process PID: 1256 with command: {} git rev-parse HEAD {}
Dependabot	UNKNOWN STEP	2026-09-28T02:44:58.1410313Z updater | 2026/09/28 02:44:58 INFO <job_1593974883> Process PID: 1256 completed with status: pid 1256 exit 0
Dependabot	UNKNOWN STEP	2026-09-28T02:44:58.1410875Z 2026/09/28 02:44:58 INFO <job_1593974883> Total execution time: 0.01 seconds
Dependabot	UNKNOWN STEP	2026-09-28T02:44:58.1443254Z updater | 2026/09/28 02:44:58 INFO <job_1593974883> Default package manager used: npm
Dependabot	UNKNOWN STEP	2026-09-28T02:44:58.1443689Z 2026/09/28 02:44:58 INFO <job_1593974883> Resolving package manager for: npm
Dependabot	UNKNOWN STEP	2026-09-28T02:44:58.1446782Z updater | 2026/09/28 02:44:58 INFO <job_1593974883> Fetching version for package manager: npm
Dependabot	UNKNOWN STEP	2026-09-28T02:44:58.1453853Z updater | 2026/09/28 02:44:58 INFO <job_1593974883> Started process PID: 1263 with command: {} corepack npm -v {}
Dependabot	UNKNOWN STEP	2026-09-28T02:44:58.2706522Z updater | 2026/09/28 02:44:58 INFO <job_1593974883> Process PID: 1263 completed with status: pid 1263 exit 0
Dependabot	UNKNOWN STEP	2026-09-28T02:44:58.2707265Z 2026/09/28 02:44:58 INFO <job_1593974883> Total execution time: 0.13 seconds
Dependabot	UNKNOWN STEP	2026-09-28T02:44:58.2709303Z updater | 2026/09/28 02:44:58 INFO <job_1593974883> Installed version of npm: 11.17.0
Dependabot	UNKNOWN STEP	2026-09-28T02:44:58.2711513Z updater | 2026/09/28 02:44:58 INFO <job_1593974883> Installed version for npm: 11.17.0
Dependabot	UNKNOWN STEP	2026-09-28T02:44:58.2712465Z 2026/09/28 02:44:58 INFO <job_1593974883> Processing engine constraints for npm
Dependabot	UNKNOWN STEP	2026-09-28T02:44:58.2713044Z 2026/09/28 02:44:58 INFO <job_1593974883> No version requirement found for npm
Dependabot	UNKNOWN STEP	2026-09-28T02:44:58.2713502Z updater | 2026/09/28 02:44:58 INFO <job_1593974883> Default package manager used: npm
Dependabot	UNKNOWN STEP	2026-09-28T02:44:58.2714107Z 2026/09/28 02:44:58 INFO <job_1593974883> Resolving package manager for: npm
Dependabot	UNKNOWN STEP	2026-09-28T02:44:58.2714690Z 2026/09/28 02:44:58 INFO <job_1593974883> Installed version for npm: 11.17.0
Dependabot	UNKNOWN STEP	2026-09-28T02:44:58.2715309Z 2026/09/28 02:44:58 INFO <job_1593974883> Processing engine constraints for npm
Dependabot	UNKNOWN STEP	2026-09-28T02:44:58.2715839Z 2026/09/28 02:44:58 INFO <job_1593974883> No version requirement found for npm
Dependabot	UNKNOWN STEP	2026-09-28T02:44:58.2716535Z updater | 2026/09/28 02:44:58 INFO <job_1593974883> Default package manager used: npm
Dependabot	UNKNOWN STEP	2026-09-28T02:44:58.2717198Z 2026/09/28 02:44:58 INFO <job_1593974883> Resolving package manager for: npm
Dependabot	UNKNOWN STEP	2026-09-28T02:44:58.2717810Z updater | 2026/09/28 02:44:58 INFO <job_1593974883> Installed version for npm: 11.17.0
Dependabot	UNKNOWN STEP	2026-09-28T02:44:58.2718416Z 2026/09/28 02:44:58 INFO <job_1593974883> Processing engine constraints for npm
Dependabot	UNKNOWN STEP	2026-09-28T02:44:58.2718989Z 2026/09/28 02:44:58 INFO <job_1593974883> No version requirement found for npm
Dependabot	UNKNOWN STEP	2026-09-28T02:44:58.2725596Z updater | 2026/09/28 02:44:58 INFO <job_1593974883> Default package manager used: npm
Dependabot	UNKNOWN STEP	2026-09-28T02:44:58.2726219Z 2026/09/28 02:44:58 INFO <job_1593974883> Resolving package manager for: npm
Dependabot	UNKNOWN STEP	2026-09-28T02:44:58.2727078Z 2026/09/28 02:44:58 INFO <job_1593974883> Installed version for npm: 11.17.0
Dependabot	UNKNOWN STEP	2026-09-28T02:44:58.2727672Z 2026/09/28 02:44:58 INFO <job_1593974883> Processing engine constraints for npm
Dependabot	UNKNOWN STEP	2026-09-28T02:44:58.2728224Z 2026/09/28 02:44:58 INFO <job_1593974883> No version requirement found for npm
Dependabot	UNKNOWN STEP	2026-09-28T02:44:58.2728774Z 2026/09/28 02:44:58 INFO <job_1593974883> Default package manager used: npm
Dependabot	UNKNOWN STEP	2026-09-28T02:44:58.2729331Z 2026/09/28 02:44:58 INFO <job_1593974883> Resolving package manager for: npm
Dependabot	UNKNOWN STEP	2026-09-28T02:44:58.2729878Z 2026/09/28 02:44:58 INFO <job_1593974883> Installed version for npm: 11.17.0
Dependabot	UNKNOWN STEP	2026-09-28T02:44:58.2730641Z 2026/09/28 02:44:58 INFO <job_1593974883> Processing engine constraints for npm
Dependabot	UNKNOWN STEP	2026-09-28T02:44:58.2731214Z 2026/09/28 02:44:58 INFO <job_1593974883> No version requirement found for npm
Dependabot	UNKNOWN STEP	2026-09-28T02:44:58.2731768Z 2026/09/28 02:44:58 INFO <job_1593974883> Default package manager used: npm
Dependabot	UNKNOWN STEP	2026-09-28T02:44:58.2732313Z 2026/09/28 02:44:58 INFO <job_1593974883> Resolving package manager for: npm
Dependabot	UNKNOWN STEP	2026-09-28T02:44:58.2732861Z 2026/09/28 02:44:58 INFO <job_1593974883> Installed version for npm: 11.17.0
Dependabot	UNKNOWN STEP	2026-09-28T02:44:58.2733211Z 2026/09/28 02:44:58 INFO <job_1593974883> Processing engine constraints for npm
Dependabot	UNKNOWN STEP	2026-09-28T02:44:58.2733556Z 2026/09/28 02:44:58 INFO <job_1593974883> No version requirement found for npm
Dependabot	UNKNOWN STEP	2026-09-28T02:44:58.2735119Z updater | 2026/09/28 02:44:58 ERROR <job_1593974883> Error during file fetching; aborting: Dependabot detected that Bun is misconfigured in this repository. Running `bun` results in the following error: This project has a `bun.lock` file but no `package-lock.json`, `yarn.lock` or `pnpm-lock.yaml`, which means it is managed by Bun. Dependabot's `npm_and_yarn` ecosystem cannot update `bun.lock`. Set `package-ecosystem: "bun"` in your dependabot.yml for this directory so Dependabot can update this project's dependencies correctly.
Dependabot	UNKNOWN STEP	2026-09-28T02:44:58.3759109Z   proxy | 2026/09/28 02:44:58 [008] POST /update_jobs/1593974883/record_update_job_error
Dependabot	UNKNOWN STEP	2026-09-28T02:44:58.5719501Z   proxy | 2026/09/28 02:44:58 [008] 204 /update_jobs/1593974883/record_update_job_error
Dependabot	UNKNOWN STEP	2026-09-28T02:44:58.6437505Z   proxy | 2026/09/28 02:44:58 [010] PATCH /update_jobs/1593974883/mark_as_processed
Dependabot	UNKNOWN STEP	2026-09-28T02:44:58.7518717Z   proxy | 2026/09/28 02:44:58 [010] 204 /update_jobs/1593974883/mark_as_processed
Dependabot	UNKNOWN STEP	2026-09-28T02:44:58.7522676Z updater | 2026/09/28 02:44:58 INFO <job_1593974883> Finished job processing
Dependabot	UNKNOWN STEP	2026-09-28T02:44:58.7536420Z updater | 2026/09/28 02:44:58 INFO Results:
Dependabot	UNKNOWN STEP	2026-09-28T02:44:58.7537016Z Dependabot encountered '1' error(s) during execution, please check the logs for more details.
Dependabot	UNKNOWN STEP	2026-09-28T02:44:58.7538477Z +-------------------------------------------------------------------------------------------------------------------------------------------------------------------------------------------------------------------------------------------------------------------------------------------------------------------------------------------------------------------------------------+
Dependabot	UNKNOWN STEP	2026-09-28T02:44:58.7540404Z |                                                                                                                                                                                       Errors                                                                                                                                                                                        |
Dependabot	UNKNOWN STEP	2026-09-28T02:44:58.7541913Z +-----------------------+-------------------------------------------------------------------------------------------------------------------------------------------------------------------------------------------------------------------------------------------------------------------------------------------------------------------------------------------------------------+
Dependabot	UNKNOWN STEP	2026-09-28T02:44:58.7543039Z | Type                  | Details                                                                                                                                                                                                                                                                                                                                                     |
Dependabot	UNKNOWN STEP	2026-09-28T02:44:58.7544453Z +-----------------------+-------------------------------------------------------------------------------------------------------------------------------------------------------------------------------------------------------------------------------------------------------------------------------------------------------------------------------------------------------------+
Dependabot	UNKNOWN STEP	2026-09-28T02:44:58.7545578Z | misconfigured_tooling | {                                                                                                                                                                                                                                                                                                                                                           |
Dependabot	UNKNOWN STEP	2026-09-28T02:44:58.7546453Z |                       |   "tool-name": "Bun",                                                                                                                                                                                                                                                                                                                                       |
Dependabot	UNKNOWN STEP	2026-09-28T02:44:58.7547747Z |                       |   "message": "This project has a `bun.lock` file but no `package-lock.json`, `yarn.lock` or `pnpm-lock.yaml`, which means it is managed by Bun. Dependabot's `npm_and_yarn` ecosystem cannot update `bun.lock`. Set `package-ecosystem: \"bun\"` in your dependabot.yml for this directory so Dependabot can update this project's dependencies correctly." |
Dependabot	UNKNOWN STEP	2026-09-28T02:44:58.7549114Z |                       | }                                                                                                                                                                                                                                                                                                                                                           |
Dependabot	UNKNOWN STEP	2026-09-28T02:44:58.7550502Z +-----------------------+-------------------------------------------------------------------------------------------------------------------------------------------------------------------------------------------------------------------------------------------------------------------------------------------------------------------------------------------------------------+
Dependabot	UNKNOWN STEP	2026-09-28T02:44:58.8755243Z Failure running container be2a2254049c576c46be345f2200a57b1d3f2bf9cc891b6beed299fb241d71be: Error: Command failed with exit code 1: /bin/sh -c $DEPENDABOT_HOME/dependabot-updater/bin/run update_files
Dependabot	UNKNOWN STEP	2026-09-28T02:45:00.4586346Z Cleaned up container be2a2254049c576c46be345f2200a57b1d3f2bf9cc891b6beed299fb241d71be
Dependabot	UNKNOWN STEP	2026-09-28T02:45:00.5274749Z   proxy | 2026/09/28 02:45:00 0/6 calls cached (0%)
Dependabot	UNKNOWN STEP	2026-09-28T02:45:00.5282003Z 2026/09/28 02:45:00 Posting metrics to remote API endpoint
Dependabot	UNKNOWN STEP	2026-09-28T02:45:01.2180689Z ##[error]Dependabot encountered an error performing the update
Dependabot	UNKNOWN STEP	
Dependabot	UNKNOWN STEP	Error: The updater encountered one or more errors.
Dependabot	UNKNOWN STEP	
Dependabot	UNKNOWN STEP	For more information see: https://github.com/bahayonghang/ccr/network/updates/1593974883 (write access to the repository is required to view the log)
Dependabot	UNKNOWN STEP	2026-09-28T02:45:01.2189740Z 🤖 ~ finished: error reported to Dependabot ~
Dependabot	UNKNOWN STEP	2026-09-28T02:45:01.2308073Z Post job cleanup.
Dependabot	UNKNOWN STEP	2026-09-28T02:45:01.3459600Z Cleaning up orphan processes
